[INFO] Scanning for projects...
[INFO] 
[INFO] -------------------< org.example:appointment-system >-------------------
[INFO] Building appointment-system 1.0-SNAPSHOT
[INFO]   from pom.xml
[INFO] --------------------------------[ jar ]---------------------------------
[INFO] 
[INFO] --- jacoco:0.8.12:prepare-agent (prepare-agent) @ appointment-system ---
[INFO] argLine set to -javaagent:C:\\Users\\inshe\\.m2\\repository\\org\\jacoco\\org.jacoco.agent\\0.8.12\\org.jacoco.agent-0.8.12-runtime.jar=destfile=C:\\Users\\inshe\\Desktop\\Software\\appointment-system\\target\\jacoco.exec,excludes=**/Main.class:**/main.class:**/presentation/gui/**:**/gui/**
[INFO] 
[INFO] --- resources:3.3.1:resources (default-resources) @ appointment-system ---
[INFO] Copying 1 resource from src\main\resources to target\classes
[INFO] 
[INFO] --- compiler:3.13.0:compile (default-compile) @ appointment-system ---
[INFO] Nothing to compile - all classes are up to date.
[INFO] 
[INFO] --- resources:3.3.1:testResources (default-testResources) @ appointment-system ---
[INFO] skip non existing resourceDirectory C:\Users\inshe\Desktop\Software\appointment-system\src\test\resources
[INFO] 
[INFO] --- compiler:3.13.0:testCompile (default-testCompile) @ appointment-system ---
[INFO] Recompiling the module because of changed source code.
[INFO] Compiling 65 source files with javac [debug release 17] to target\test-classes
[INFO] 
[INFO] --- surefire:3.2.5:test (default-test) @ appointment-system ---
[INFO] Using auto detected provider org.apache.maven.surefire.junitplatform.JUnitPlatformProvider
[INFO] 
[INFO] -------------------------------------------------------
[INFO]  T E S T S
[INFO] -------------------------------------------------------
[INFO] Running org.example.domain.AppointmentSlotTest
[INFO] Tests run: 8, Failures: 0, Errors: 0, Skipped: 0, Time elapsed: 0.125 s -- in org.example.domain.AppointmentSlotTest
[INFO] Running org.example.domain.AppointmentTest
[INFO] Tests run: 14, Failures: 0, Errors: 0, Skipped: 0, Time elapsed: 0.163 s -- in org.example.domain.AppointmentTest
[INFO] Running org.example.domain.CredentialsTest
[INFO] Tests run: 11, Failures: 0, Errors: 0, Skipped: 0, Time elapsed: 0.041 s -- in org.example.domain.CredentialsTest
[INFO] Running org.example.domain.DomainEnumsTest
[INFO] Tests run: 3, Failures: 0, Errors: 0, Skipped: 0, Time elapsed: 0.015 s -- in org.example.domain.DomainEnumsTest
[INFO] Running org.example.domain.SystemUserCompatibilityTest
[INFO] Tests run: 5, Failures: 0, Errors: 0, Skipped: 0, Time elapsed: 0.011 s -- in org.example.domain.SystemUserCompatibilityTest
[INFO] Running org.example.domain.SystemUserTest
[INFO] Tests run: 10, Failures: 0, Errors: 0, Skipped: 0, Time elapsed: 0.050 s -- in org.example.domain.SystemUserTest
[INFO] Running org.example.MainAdminMenuBookingFlowTest
[INFO] Tests run: 2, Failures: 0, Errors: 0, Skipped: 0, Time elapsed: 0.091 s -- in org.example.MainAdminMenuBookingFlowTest
[INFO] Running org.example.MainLogoutFlowTest
[INFO] Tests run: 2, Failures: 0, Errors: 0, Skipped: 0, Time elapsed: 0.018 s -- in org.example.MainLogoutFlowTest
[INFO] Running org.example.notification.EmailNotificationServiceTest
mvn : OpenJDK 64-Bit Server VM warning: Sharing is only supported for boot loader classes because bootstrap classpath has been appended
At line:1 char:117
+ ... \Software\appointment-system; mvn test 2>&1 > test_output.txt; Get-Co ...
+                                   ~~~~~~~~~~~~~~~~~~~~~~~~~~~~~~~
    + CategoryInfo          : NotSpecified: (OpenJDK 64-Bit ...s been appended:String) [], RemoteException
    + FullyQualifiedErrorId : NativeCommandError
 
WARNING: A Java agent has been loaded dynamically (C:\Users\inshe\.m2\repository\net\bytebuddy\byte-buddy-agent\1.14.15\byte-buddy-agent-1.14.15.jar)
WARNING: If a serviceability tool is in use, please run with -XX:+EnableDynamicAgentLoading to hide this warning
WARNING: If a serviceability tool is not in use, please run with -Djdk.instrument.traceUsage for more information
WARNING: Dynamic loading of agents will be disallowed by default in a future release
WARNING: A terminally deprecated method in sun.misc.Unsafe has been called
WARNING: sun.misc.Unsafe::objectFieldOffset has been called by net.bytebuddy.dynamic.loading.ClassInjector$UsingUnsafe$Dispatcher$CreationAction 
(file:/C:/Users/inshe/.m2/repository/net/bytebuddy/byte-buddy/1.14.14/byte-buddy-1.14.14.jar)
WARNING: Please consider reporting this to the maintainers of class net.bytebuddy.dynamic.loading.ClassInjector$UsingUnsafe$Dispatcher$CreationAction
WARNING: sun.misc.Unsafe::objectFieldOffset will be removed in a future release
[INFO] Tests run: 9, Failures: 0, Errors: 0, Skipped: 0, Time elapsed: 1.170 s -- in org.example.notification.EmailNotificationServiceTest
[INFO] Running org.example.notification.LoginNotifierTest
[INFO] Tests run: 5, Failures: 0, Errors: 0, Skipped: 0, Time elapsed: 0.012 s -- in org.example.notification.LoginNotifierTest
[INFO] Running org.example.presentation.gui.AdminDashboardFrameTest
[INFO] Tests run: 4, Failures: 0, Errors: 0, Skipped: 0, Time elapsed: 1.674 s -- in org.example.presentation.gui.AdminDashboardFrameTest
[INFO] Running org.example.presentation.gui.AdminReservationsPanelTest
[INFO] Tests run: 9, Failures: 0, Errors: 0, Skipped: 0, Time elapsed: 6.813 s -- in org.example.presentation.gui.AdminReservationsPanelTest
[INFO] Running org.example.presentation.gui.ApplicationControllerTest
[INFO] Tests run: 10, Failures: 0, Errors: 0, Skipped: 0, Time elapsed: 0.883 s -- in org.example.presentation.gui.ApplicationControllerTest
[INFO] Running org.example.presentation.gui.AppointmentBookingServiceTest
[INFO] Tests run: 6, Failures: 0, Errors: 0, Skipped: 0, Time elapsed: 0.306 s -- in org.example.presentation.gui.AppointmentBookingServiceTest
[INFO] Running org.example.presentation.gui.BookingPanelTest
[INFO] Tests run: 3, Failures: 0, Errors: 0, Skipped: 0, Time elapsed: 0.326 s -- in org.example.presentation.gui.BookingPanelTest
[INFO] Running org.example.presentation.gui.CalendarPanelTest
[INFO] Tests run: 4, Failures: 0, Errors: 0, Skipped: 0, Time elapsed: 0.096 s -- in org.example.presentation.gui.CalendarPanelTest
[INFO] Running org.example.presentation.gui.ForgotPasswordFrameTest
[INFO] Tests run: 3, Failures: 0, Errors: 0, Skipped: 0, Time elapsed: 8.879 s -- in org.example.presentation.gui.ForgotPasswordFrameTest
[INFO] Running org.example.presentation.gui.GuiMessageHelperTest
[INFO] Tests run: 4, Failures: 0, Errors: 0, Skipped: 0, Time elapsed: 0.007 s -- in org.example.presentation.gui.GuiMessageHelperTest
[INFO] Running org.example.presentation.gui.LoginFrameTest
[INFO] Tests run: 6, Failures: 0, Errors: 0, Skipped: 0, Time elapsed: 1.521 s -- in org.example.presentation.gui.LoginFrameTest
[INFO] Running org.example.presentation.gui.ReservationsPanelTest
[INFO] Tests run: 9, Failures: 0, Errors: 0, Skipped: 0, Time elapsed: 3.124 s -- in org.example.presentation.gui.ReservationsPanelTest
[INFO] Running org.example.presentation.gui.SignUpFrameTest
[INFO] Tests run: 3, Failures: 0, Errors: 0, Skipped: 0, Time elapsed: 1.640 s -- in org.example.presentation.gui.SignUpFrameTest
[INFO] Running org.example.presentation.gui.SlotInputOptionsTest
[INFO] Tests run: 4, Failures: 0, Errors: 0, Skipped: 0, Time elapsed: 0.010 s -- in org.example.presentation.gui.SlotInputOptionsTest
[INFO] Running org.example.presentation.gui.SlotsPanelTest
[INFO] Tests run: 4, Failures: 0, Errors: 0, Skipped: 0, Time elapsed: 0.873 s -- in org.example.presentation.gui.SlotsPanelTest
[INFO] Running org.example.presentation.gui.UserDashboardFrameTest
[INFO] Tests run: 4, Failures: 0, Errors: 0, Skipped: 0, Time elapsed: 0.310 s -- in org.example.presentation.gui.UserDashboardFrameTest
[INFO] Running org.example.repository.InMemoryAppointmentBookingRepositoryTest
[INFO] Tests run: 11, Failures: 0, Errors: 0, Skipped: 0, Time elapsed: 0.019 s -- in org.example.repository.InMemoryAppointmentBookingRepositoryTest
[INFO] Running org.example.repository.InMemoryAppointmentRepositoryTest
[INFO] Tests run: 3, Failures: 0, Errors: 0, Skipped: 0, Time elapsed: 0.005 s -- in org.example.repository.InMemoryAppointmentRepositoryTest
[INFO] Running org.example.repository.InMemorySystemUserRepositoryTest
[INFO] Tests run: 6, Failures: 0, Errors: 0, Skipped: 0, Time elapsed: 0.014 s -- in org.example.repository.InMemorySystemUserRepositoryTest
[INFO] Running org.example.repository.InMemoryUserRepositoryTest
[ERROR] Tests run: 17, Failures: 1, Errors: 0, Skipped: 0, Time elapsed: 0.060 s <<< FAILURE! -- in org.example.repository.InMemoryUserRepositoryTest
[ERROR] org.example.repository.InMemoryUserRepositoryTest.findByEmail_NumberedRegularUserFromProperties_IsLoaded -- Time elapsed: 0.028 s <<< FAILURE!
org.opentest4j.AssertionFailedError: expected: <true> but was: <false>
	at org.junit.jupiter.api.AssertionFailureBuilder.build(AssertionFailureBuilder.java:151)
	at org.junit.jupiter.api.AssertionFailureBuilder.buildAndThrow(AssertionFailureBuilder.java:132)
	at org.junit.jupiter.api.AssertTrue.failNotTrue(AssertTrue.java:63)
	at org.junit.jupiter.api.AssertTrue.assertTrue(AssertTrue.java:36)
	at org.junit.jupiter.api.AssertTrue.assertTrue(AssertTrue.java:31)
	at org.junit.jupiter.api.Assertions.assertTrue(Assertions.java:183)
	at org.example.repository.InMemoryUserRepositoryTest.findByEmail_NumberedRegularUserFromProperties_IsLoaded(InMemoryUserRepositoryTest.java:52)
	at java.base/java.lang.reflect.Method.invoke(Method.java:565)
	at java.base/java.util.ArrayList.forEach(ArrayList.java:1604)
	at java.base/java.util.ArrayList.forEach(ArrayList.java:1604)

[INFO] Running org.example.service.AdminAuthServiceMockitoTest
[INFO] Tests run: 3, Failures: 0, Errors: 0, Skipped: 0, Time elapsed: 0.017 s -- in org.example.service.AdminAuthServiceMockitoTest
[INFO] Running org.example.service.AdminAuthServicePolicyTest
[INFO] Tests run: 5, Failures: 0, Errors: 0, Skipped: 0, Time elapsed: 0.090 s -- in org.example.service.AdminAuthServicePolicyTest
[INFO] Running org.example.service.AdminAuthServiceTest
[INFO] Tests run: 11, Failures: 0, Errors: 0, Skipped: 0, Time elapsed: 0.039 s -- in org.example.service.AdminAuthServiceTest
[INFO] Running org.example.service.AppointmentBookingServiceNotificationTest
Email failed but booking continues: smtp unavailable
[INFO] Tests run: 9, Failures: 0, Errors: 0, Skipped: 0, Time elapsed: 0.057 s -- in org.example.service.AppointmentBookingServiceNotificationTest
[INFO] Running org.example.service.AppointmentBookingServiceStatusTransitionsTest
[INFO] Tests run: 12, Failures: 0, Errors: 0, Skipped: 0, Time elapsed: 0.125 s -- in org.example.service.AppointmentBookingServiceStatusTransitionsTest
[INFO] Running org.example.service.AppointmentBookingServiceTest
[INFO] Tests run: 67, Failures: 0, Errors: 0, Skipped: 0, Time elapsed: 0.272 s -- in org.example.service.AppointmentBookingServiceTest
[INFO] Running org.example.service.AppointmentBookingServiceWaitlistTest
[INFO] Tests run: 19, Failures: 0, Errors: 0, Skipped: 0, Time elapsed: 0.075 s -- in org.example.service.AppointmentBookingServiceWaitlistTest
[INFO] Running org.example.service.AppointmentCalendarExportServiceTest
[INFO] Tests run: 2, Failures: 0, Errors: 0, Skipped: 0, Time elapsed: 0.014 s -- in org.example.service.AppointmentCalendarExportServiceTest
[INFO] Running org.example.service.AppointmentNotificationCoordinatorEdgeTest
[INFO] Tests run: 4, Failures: 0, Errors: 0, Skipped: 0, Time elapsed: 0.081 s -- in org.example.service.AppointmentNotificationCoordinatorEdgeTest
[INFO] Running org.example.service.AppointmentNotificationCoordinatorTest
[INFO] Tests run: 8, Failures: 0, Errors: 0, Skipped: 0, Time elapsed: 0.011 s -- in org.example.service.AppointmentNotificationCoordinatorTest
[INFO] Running org.example.service.AppointmentServiceBranchTest
[INFO] Tests run: 13, Failures: 0, Errors: 0, Skipped: 0, Time elapsed: 0.163 s -- in org.example.service.AppointmentServiceBranchTest
[INFO] Running org.example.service.AppointmentServiceTest
[INFO] Tests run: 18, Failures: 0, Errors: 0, Skipped: 0, Time elapsed: 0.149 s -- in org.example.service.AppointmentServiceTest
[INFO] Running org.example.service.AssessmentRuleTest
[INFO] Tests run: 4, Failures: 0, Errors: 0, Skipped: 0, Time elapsed: 0.007 s -- in org.example.service.AssessmentRuleTest
[INFO] Running org.example.service.AuthenticationAttemptResultTest
[INFO] Tests run: 10, Failures: 0, Errors: 0, Skipped: 0, Time elapsed: 0.012 s -- in org.example.service.AuthenticationAttemptResultTest
[INFO] Running org.example.service.AuthEventLoggerTest
[INFO] Tests run: 6, Failures: 0, Errors: 0, Skipped: 0, Time elapsed: 0.012 s -- in org.example.service.AuthEventLoggerTest
[INFO] Running org.example.service.BookingStatusTest
[INFO] Tests run: 2, Failures: 0, Errors: 0, Skipped: 0, Time elapsed: 0.002 s -- in org.example.service.BookingStatusTest
[INFO] Running org.example.service.DurationRuleTest
[INFO] Tests run: 8, Failures: 0, Errors: 0, Skipped: 0, Time elapsed: 0.015 s -- in org.example.service.DurationRuleTest
[INFO] Running org.example.service.EventManagerCoverageTest
[INFO] Tests run: 6, Failures: 0, Errors: 0, Skipped: 0, Time elapsed: 0.013 s -- in org.example.service.EventManagerCoverageTest
[INFO] Running org.example.service.EventManagerFullCoverageTest
[INFO] Tests run: 8, Failures: 0, Errors: 0, Skipped: 0, Time elapsed: 0.006 s -- in org.example.service.EventManagerFullCoverageTest
[INFO] Running org.example.service.EventManagerTest
[INFO] Tests run: 8, Failures: 0, Errors: 0, Skipped: 0, Time elapsed: 0.025 s -- in org.example.service.EventManagerTest
[INFO] Running org.example.service.FollowUpRuleTest
[INFO] Tests run: 3, Failures: 0, Errors: 0, Skipped: 0, Time elapsed: 0.013 s -- in org.example.service.FollowUpRuleTest
[INFO] Running org.example.service.GoogleCalendarServiceTest
[INFO] Tests run: 2, Failures: 0, Errors: 0, Skipped: 0, Time elapsed: 0.010 s -- in org.example.service.GoogleCalendarServiceTest
[INFO] Running org.example.service.GroupRuleTest
[INFO] Tests run: 4, Failures: 0, Errors: 0, Skipped: 0, Time elapsed: 0.004 s -- in org.example.service.GroupRuleTest
[INFO] Running org.example.service.IndividualRuleTest
[INFO] Tests run: 5, Failures: 0, Errors: 0, Skipped: 0, Time elapsed: 0.004 s -- in org.example.service.IndividualRuleTest
[INFO] Running org.example.service.InPersonRuleTest
[INFO] Tests run: 4, Failures: 0, Errors: 0, Skipped: 0, Time elapsed: 0.004 s -- in org.example.service.InPersonRuleTest
[INFO] Running org.example.service.LoginAttemptTrackerTest
[INFO] Tests run: 7, Failures: 0, Errors: 0, Skipped: 0, Time elapsed: 0.016 s -- in org.example.service.LoginAttemptTrackerTest
[INFO] Running org.example.service.LoginStatusTest
[INFO] Tests run: 2, Failures: 0, Errors: 0, Skipped: 0, Time elapsed: 0.003 s -- in org.example.service.LoginStatusTest
[INFO] Running org.example.service.NormalRuleTest
[INFO] Tests run: 3, Failures: 0, Errors: 0, Skipped: 0, Time elapsed: 0.004 s -- in org.example.service.NormalRuleTest
[INFO] Running org.example.service.ParticipantRuleTest
[INFO] Tests run: 8, Failures: 0, Errors: 0, Skipped: 0, Time elapsed: 0.009 s -- in org.example.service.ParticipantRuleTest
[INFO] Running org.example.service.PasswordRecoveryServiceTest
[INFO] Tests run: 8, Failures: 0, Errors: 0, Skipped: 0, Time elapsed: 0.022 s -- in org.example.service.PasswordRecoveryServiceTest
[INFO] Running org.example.service.SessionManagerTest
[INFO] Tests run: 13, Failures: 0, Errors: 0, Skipped: 0, Time elapsed: 0.099 s -- in org.example.service.SessionManagerTest
[INFO] Running org.example.service.UrgentRuleTest
[INFO] Tests run: 4, Failures: 0, Errors: 0, Skipped: 0, Time elapsed: 0.008 s -- in org.example.service.UrgentRuleTest
[INFO] Running org.example.service.UserRegistrationServiceTest
[INFO] Tests run: 9, Failures: 0, Errors: 0, Skipped: 0, Time elapsed: 0.019 s -- in org.example.service.UserRegistrationServiceTest
[INFO] Running org.example.service.VirtualRuleTest
[INFO] Tests run: 3, Failures: 0, Errors: 0, Skipped: 0, Time elapsed: 0.005 s -- in org.example.service.VirtualRuleTest
[INFO] 
[INFO] Results:
[INFO] 
[ERROR] Failures: 
[ERROR]   InMemoryUserRepositoryTest.findByEmail_NumberedRegularUserFromProperties_IsLoaded:52 expected: <true> but was: <false>
[INFO] 
[ERROR] Tests run: 477, Failures: 1, Errors: 0, Skipped: 0
[INFO] 
[INFO] ------------------------------------------------------------------------
[INFO] BUILD FAILURE
[INFO] ------------------------------------------------------------------------
[INFO] Total time:  35.536 s
[INFO] Finished at: 2026-05-10T11:53:28+03:00
[INFO] ------------------------------------------------------------------------
[ERROR] Failed to execute goal org.apache.maven.plugins:maven-surefire-plugin:3.2.5:test (default-test) on project appointment-system: There are test failures.
[ERROR] 
[ERROR] Please refer to C:\Users\inshe\Desktop\Software\appointment-system\target\surefire-reports for the individual test results.
[ERROR] Please refer to dump files (if any exist) [date].dump, [date]-jvmRun[N].dump and [date].dumpstream.
[ERROR] -> [Help 1]
[ERROR] 
[ERROR] To see the full stack trace of the errors, re-run Maven with the -e switch.
[ERROR] Re-run Maven using the -X switch to enable full debug logging.
[ERROR] 
[ERROR] For more information about the errors and possible solutions, please read the following articles:
[ERROR] [Help 1] http://cwiki.apache.org/confluence/display/MAVEN/MojoFailureException
